// Jest Snapshot v1, https://goo.gl/fbAQLP

exports[`renders correctly 1`] = `
<pre
  className="onboarding-command"
>
  foo
  bar
</pre>
`;
